{
    "pvs":{
        "ca://XXIO:XX22:XX330:XX":{
            "line_width":2,
            "y_channel":"ca://XXIO:XX22:XX330:XX",
            "line_style":1,
            "symbol":null,
            "symbol_size":1,
            "unit":"Torr",
            "comment":"XXIO:XX22:XX330:XX",
            "precision":11,
            "x_min":2.8e-10,
            "x_max":0.00032,
            "scale":0,
            "is_visible":true
        }
    },
    "chart_settings":{
        "title":"TimeChart",
        "x_axis_label":null,
        "x_axis_unit":null,
        "left_y_axis_label":null,
        "left_y_axis_unit":null,
        "right_y_axis_label":null,
        "right_y_axis_unit":null,
        "data_sampling_mode":0,
        "show_legend":false,
        "grid_alpha":5,
        "limit_time_span":true,
        "time_span_limit_hours":0,
        "time_span_limit_minutes":5,
        "time_span_limit_seconds":0,
        "buffer_size":"7200",
        "update_interval_hz":1.0,
        "redraw_rate":1.0,
        "background_color":"white",
        "axis_color":"#bebebe",
        "show_x_grid":true,
        "show_y_grid":true
    }
}