{
    "pvs":{
        "ca://MTEST:SinVal":{
            "line_width":2,
            "y_channel":"ca://MTEST:SinVal",
            "line_style":1,
            "symbol":null,
            "symbol_size":1,
            "unit":null,
            "precision":0,
            "x_min":4.0,
            "x_max":5.0,
            "scale":0,
            "is_visible":false
        },
        "ca://MTEST:CosVal":{
            "line_width":2,
            "y_channel":"ca://MTEST:CosVal",
            "line_style":1,
            "symbol":null,
            "symbol_size":1,
            "unit":null,
            "precision":0,
            "x_min":8.0,
            "x_max":10.0,
            "scale":0,
            "is_visible":true
        }
    },
    "chart_settings":{
        "title":"TimeChart",
        "x_axis_label":null,
        "x_axis_unit":null,
        "left_y_axis_label":null,
        "left_y_axis_unit":null,
        "right_y_axis_label":null,
        "right_y_axis_unit":null,
        "data_sampling_mode":0,
        "show_legend":false,
        "grid_alpha":5,
        "limit_time_span":true,
        "time_span_limit_hours":0,
        "time_span_limit_minutes":0,
        "time_span_limit_seconds":37,
        "buffer_size":"9000",
        "update_interval_hz":0.2,
        "redraw_rate":1.0,
        "background_color":"white",
        "axis_color":"#bebebe",
        "show_x_grid":true,
        "show_y_grid":true
    }
}