Fit performed by francesco on 19/03/2024 at 14:28:35

Mixture spectrum: /home/francesco/Programma/PYIHM/test/test_spectrum.fid/test_spectrum

Absolute intensity correction: I = 6.12777e+04

Relative intensities:
Comp.   1: 0.49782
Comp.   2: 0.12772
Comp.   3: 0.37446



Component 1 fitted parameters:
          Region;	   Intensity
------------------------------------------------------------------------------------------------
     8.032:2.426;	1.494301e+05

   #;	       u;	    fwhm;	 Rel. I.;	   Phase;	     x_g;	   Group
------------------------------------------------------------------------------------------------
   1;	   7.950;	   5.988;	 0.05104;	   0.000;	   0.443;	       0
   2;	   7.961;	   0.707;	 0.01180;	   0.000;	   0.011;	       0
   3;	   7.950;	   1.298;	 0.09120;	   0.000;	   0.092;	       0
   4;	   7.953;	   0.869;	 0.04145;	   0.000;	   0.027;	       0
   5;	   7.936;	   0.876;	 0.02431;	   0.000;	   0.000;	       0
   6;	   7.936;	   2.184;	 0.10895;	   0.000;	   0.436;	       0
   7;	   7.933;	   0.736;	 0.03711;	   0.000;	   0.954;	       0
   8;	   7.930;	   3.468;	 0.03774;	   0.000;	   0.005;	       0
   9;	   7.641;	   5.938;	 0.00820;	   0.000;	   0.005;	       0
  10;	   7.630;	   1.191;	 0.02088;	   0.000;	   0.173;	       0
  11;	   7.629;	   4.519;	 0.00916;	   0.000;	   0.550;	       0
  12;	   7.618;	   0.464;	 0.00660;	   0.000;	   0.556;	       0
  13;	   7.615;	   5.162;	 0.01148;	   0.000;	   0.188;	       0
  14;	   7.615;	   0.676;	 0.05386;	   0.000;	   0.118;	       0
  15;	   7.614;	   3.654;	 0.01744;	   0.000;	   0.037;	       0
  16;	   7.614;	   0.000;	 0.00738;	   0.000;	   0.510;	       0
  17;	   7.600;	   0.546;	 0.01978;	   0.000;	   0.066;	       0
  18;	   7.601;	   2.868;	 0.02155;	   0.000;	   0.860;	       0
  19;	   7.597;	   1.340;	 0.01759;	   0.000;	   0.001;	       0
  20;	   7.512;	   0.031;	 0.00379;	   0.000;	   0.976;	       0
  21;	   7.510;	   2.649;	 0.02769;	   0.000;	   0.926;	       0
  22;	   7.509;	   1.088;	 0.03428;	   0.000;	   0.998;	       0
  23;	   7.508;	   1.821;	 0.02644;	   0.000;	   0.248;	       0
  24;	   7.506;	   1.284;	 0.03200;	   0.000;	   0.018;	       0
  25;	   7.501;	   2.150;	 0.00343;	   0.000;	   0.655;	       0
  26;	   7.493;	   1.452;	 0.04413;	   0.000;	   0.536;	       0
  27;	   7.494;	   2.749;	 0.12732;	   0.000;	   0.955;	       0
  28;	   7.490;	   0.004;	 0.02513;	   0.000;	   0.017;	       0
  29;	   7.481;	   6.250;	 0.01994;	   0.000;	   0.454;	       0
  30;	   7.478;	   0.013;	 0.01158;	   0.000;	   0.665;	       0
  31;	   7.479;	   1.353;	 0.02420;	   0.000;	   0.994;	       0
  32;	   7.477;	   0.024;	 0.01734;	   0.000;	   0.925;	       0
  33;	   7.476;	   1.930;	 0.00522;	   0.000;	   0.645;	       0
------------------------------------------------------------------------------------------------

================================================================================================



Component 2 fitted parameters:
          Region;	   Intensity
------------------------------------------------------------------------------------------------
     8.032:2.426;	4.696945e+04

   #;	       u;	    fwhm;	 Rel. I.;	   Phase;	     x_g;	   Group
------------------------------------------------------------------------------------------------
   1;	   2.503;	   0.902;	 0.03149;	   0.000;	   0.817;	       0
   2;	   2.499;	   1.625;	 0.35977;	   0.000;	   0.001;	       0
   3;	   2.496;	   1.323;	 0.23984;	   0.000;	   0.903;	       0
   4;	   2.492;	   1.586;	 0.22039;	   0.000;	   0.679;	       0
   5;	   2.488;	   1.864;	 0.14851;	   0.000;	   0.214;	       0
------------------------------------------------------------------------------------------------

================================================================================================



Component 3 fitted parameters:
          Region;	   Intensity
------------------------------------------------------------------------------------------------
     8.032:2.426;	9.201391e+04

   #;	       u;	    fwhm;	 Rel. I.;	   Phase;	     x_g;	   Group
------------------------------------------------------------------------------------------------
   1;	   4.475;	   0.726;	 1.00000;	   0.000;	   0.001;	       0
------------------------------------------------------------------------------------------------

================================================================================================



